// Jest Snapshot v1, https://goo.gl/fbAQLP

exports[`should render CustomToolbar 1`] = `
<div
  id="toolbar"
>
  <span
    className="ql-formats"
  >
    <select
      className="ql-header"
      defaultValue=""
      onChange={[Function]}
    >
      <option
        value="1"
      />
      <option
        value="2"
      />
      <option />
    </select>
    <button
      className="ql-bold"
    />
    <button
      className="ql-italic"
    />
    <button
      className="ql-underline"
    />
    <button
      className="ql-list"
      value="ordered"
    />
    <button
      className="ql-list"
      value="bullet"
    />
    <select
      className="ql-align"
    />
    <button
      className="ql-link"
    />
    <button
      className="math"
      onClick={[Function]}
    >
      <img
        src="test-file-stub"
      />
    </button>
  </span>
</div>
`;
